Error at line 2, column 1: identifier "2n" must begin with a letter
