Error at line 2, column 1: identifier "n_" cannot end with an underscore
